mode: set
main/internal/features/todos/services/service.go:11.51,15.2 1 0
main/internal/features/todos/services/service.go:17.73,19.16 2 0
main/internal/features/todos/services/service.go:19.16,21.3 1 0
main/internal/features/todos/services/service.go:23.2,23.21 1 0
main/internal/features/todos/services/service.go:26.79,31.16 3 0
main/internal/features/todos/services/service.go:31.16,33.3 1 0
main/internal/features/todos/services/service.go:35.2,35.24 1 0
main/internal/features/todos/services/service.go:38.79,41.16 2 0
main/internal/features/todos/services/service.go:41.16,43.3 1 0
main/internal/features/todos/services/service.go:45.2,45.24 1 0
main/internal/features/todos/services/service.go:48.65,58.16 3 0
main/internal/features/todos/services/service.go:58.16,62.3 1 0
main/internal/features/todos/services/service.go:63.2,63.19 1 0
main/configs/config.go:22.30,25.16 3 0
main/configs/config.go:25.16,27.3 1 0
main/configs/config.go:28.2,35.15 7 0
main/configs/config.go:38.45,46.16 3 0
main/configs/config.go:46.16,48.3 1 0
main/configs/config.go:50.2,50.16 1 0
main/internal/features/todos/handler/request.go:12.45,19.2 1 0
main/internal/features/todos/handler/response.go:12.51,19.2 1 0
main/internal/features/todos/handler/response.go:21.56,23.28 2 0
main/internal/features/todos/handler/response.go:23.28,25.3 1 0
main/internal/features/todos/handler/response.go:26.2,26.18 1 0
main/internal/features/todos/handler/todo.go:21.85,26.2 1 0
main/internal/features/todos/handler/todo.go:41.54,42.36 1 0
main/internal/features/todos/handler/todo.go:42.36,46.17 3 0
main/internal/features/todos/handler/todo.go:46.17,48.4 1 0
main/internal/features/todos/handler/todo.go:50.3,52.39 2 0
main/internal/features/todos/handler/todo.go:52.39,54.4 1 0
main/internal/features/todos/handler/todo.go:56.3,57.17 2 0
main/internal/features/todos/handler/todo.go:57.17,59.4 1 0
main/internal/features/todos/handler/todo.go:60.3,60.77 1 0
main/internal/features/todos/handler/todo.go:63.57,64.36 1 0
main/internal/features/todos/handler/todo.go:64.36,67.17 3 0
main/internal/features/todos/handler/todo.go:67.17,69.4 1 0
main/internal/features/todos/handler/todo.go:71.3,73.39 2 0
main/internal/features/todos/handler/todo.go:73.39,75.4 1 0
main/internal/features/todos/handler/todo.go:77.3,78.17 2 0
main/internal/features/todos/handler/todo.go:78.17,80.4 1 0
main/internal/features/todos/handler/todo.go:81.3,81.77 1 0
main/internal/features/todos/handler/todo.go:84.57,85.36 1 0
main/internal/features/todos/handler/todo.go:85.36,94.17 7 0
main/internal/features/todos/handler/todo.go:94.17,96.4 1 0
main/internal/features/todos/handler/todo.go:97.3,98.17 2 0
main/internal/features/todos/handler/todo.go:98.17,100.4 1 0
main/internal/features/todos/handler/todo.go:101.3,101.77 1 0
main/internal/features/todos/handler/todo.go:105.55,106.36 1 0
main/internal/features/todos/handler/todo.go:106.36,109.17 3 0
main/internal/features/todos/handler/todo.go:109.17,111.4 1 0
main/internal/features/todos/handler/todo.go:112.3,112.114 1 0
main/internal/features/todos/handler/todo.go:117.58,118.28 1 0
main/internal/features/todos/handler/todo.go:118.28,121.3 1 0
main/internal/features/users/handler/request.go:19.50,26.2 1 0
main/internal/features/users/handler/response.go:12.53,19.2 1 0
main/internal/features/users/handler/user.go:15.56,19.2 1 0
main/internal/features/users/handler/user.go:21.55,22.36 1 0
main/internal/features/users/handler/user.go:22.36,25.17 3 0
main/internal/features/users/handler/user.go:25.17,27.4 1 0
main/internal/features/users/handler/user.go:28.3,29.17 2 0
main/internal/features/users/handler/user.go:29.17,31.4 1 0
main/internal/features/users/handler/user.go:32.3,32.77 1 0
main/internal/features/users/handler/user.go:36.52,37.36 1 0
main/internal/features/users/handler/user.go:37.36,40.17 3 0
main/internal/features/users/handler/user.go:40.17,42.4 1 0
main/internal/features/users/handler/user.go:43.3,45.17 2 0
main/internal/features/users/handler/user.go:45.17,47.4 1 0
main/internal/features/users/handler/user.go:49.3,49.159 1 0
main/internal/features/todos/repository/data.go:17.53,24.2 1 0
main/internal/features/todos/repository/query.go:15.52,19.2 1 0
main/internal/features/todos/repository/query.go:21.70,24.16 3 0
main/internal/features/todos/repository/query.go:24.16,26.3 1 0
main/internal/features/todos/repository/query.go:28.2,28.21 1 0
main/internal/features/todos/repository/query.go:31.76,36.16 4 0
main/internal/features/todos/repository/query.go:36.16,38.3 1 0
main/internal/features/todos/repository/query.go:39.2,39.24 1 0
main/internal/features/todos/repository/query.go:42.62,49.16 5 0
main/internal/features/todos/repository/query.go:49.16,51.3 1 0
main/internal/features/todos/repository/query.go:53.2,53.12 1 0
main/internal/features/todos/repository/query.go:56.62,62.16 5 0
main/internal/features/todos/repository/query.go:62.16,65.3 1 0
main/internal/features/todos/repository/query.go:66.2,66.19 1 0
main/main.go:25.47,33.2 7 0
main/main.go:35.47,41.2 5 0
main/main.go:43.13,47.16 3 0
main/main.go:47.16,50.3 2 0
main/main.go:52.2,64.34 9 0
main/internal/features/users/repository/data.go:21.43,29.2 1 0
main/internal/features/users/repository/data.go:31.55,39.2 1 0
main/internal/features/users/repository/query.go:13.52,17.2 1 0
main/internal/features/users/repository/query.go:19.63,22.16 3 0
main/internal/features/users/repository/query.go:22.16,24.3 1 0
main/internal/features/users/repository/query.go:25.2,25.35 1 0
main/internal/features/users/repository/query.go:28.58,32.2 3 0
main/internal/utils/jwt.go:20.42,22.2 1 0
main/internal/utils/jwt.go:24.73,39.16 9 0
main/internal/utils/jwt.go:39.16,41.3 1 0
main/internal/utils/jwt.go:43.2,43.20 1 0
main/internal/utils/jwt.go:46.60,50.26 3 0
main/internal/utils/jwt.go:50.26,52.3 1 0
main/internal/utils/jwt.go:54.2,54.38 1 0
main/internal/utils/jwt.go:54.38,56.3 1 0
main/internal/utils/jwt.go:58.2,58.15 1 0
main/internal/utils/password.go:11.52,13.2 1 0
main/internal/utils/password.go:15.79,17.16 2 0
main/internal/utils/password.go:17.16,19.3 1 0
main/internal/utils/password.go:20.2,20.20 1 0
main/internal/utils/password.go:23.82,25.2 1 0
main/internal/utils/validator.go:19.70,23.2 1 0
main/internal/utils/validator.go:25.91,27.16 2 0
main/internal/utils/validator.go:27.16,30.3 2 0
main/internal/utils/validator.go:31.2,31.12 1 0
main/internal/helper/response.go:3.72,7.17 4 0
main/internal/helper/response.go:7.17,9.3 1 0
main/internal/helper/response.go:10.2,10.15 1 0
main/internal/routes/routes.go:12.66,31.2 6 0
main/mocks/AccountUtilityInterface.go:13.100,16.19 2 0
main/mocks/AccountUtilityInterface.go:16.19,17.64 1 0
main/mocks/AccountUtilityInterface.go:20.2,21.59 2 0
main/mocks/AccountUtilityInterface.go:21.59,23.3 1 0
main/mocks/AccountUtilityInterface.go:23.8,25.3 1 0
main/mocks/AccountUtilityInterface.go:27.2,27.11 1 0
main/mocks/AccountUtilityInterface.go:35.29,39.19 3 0
main/mocks/AccountUtilityInterface.go:39.19,39.49 1 0
main/mocks/AccountUtilityInterface.go:41.2,41.13 1 0
main/mocks/Handler.go:16.45,19.19 2 0
main/mocks/Handler.go:19.19,20.47 1 0
main/mocks/Handler.go:23.2,24.56 2 0
main/mocks/Handler.go:24.56,26.3 1 0
main/mocks/Handler.go:26.8,27.24 1 0
main/mocks/Handler.go:27.24,29.4 1 0
main/mocks/Handler.go:32.2,32.11 1 0
main/mocks/Handler.go:36.48,39.19 2 0
main/mocks/Handler.go:39.19,40.50 1 0
main/mocks/Handler.go:43.2,44.56 2 0
main/mocks/Handler.go:44.56,46.3 1 0
main/mocks/Handler.go:46.8,47.24 1 0
main/mocks/Handler.go:47.24,49.4 1 0
main/mocks/Handler.go:52.2,52.11 1 0
main/mocks/Handler.go:60.13,64.19 3 0
main/mocks/Handler.go:64.19,64.49 1 0
main/mocks/Handler.go:66.2,66.13 1 0
main/mocks/JwtUtilityInterface.go:16.70,19.19 2 0
main/mocks/JwtUtilityInterface.go:19.19,20.53 1 0
main/mocks/JwtUtilityInterface.go:23.2,24.57 2 0
main/mocks/JwtUtilityInterface.go:24.57,26.3 1 0
main/mocks/JwtUtilityInterface.go:26.8,28.3 1 0
main/mocks/JwtUtilityInterface.go:30.2,30.11 1 0
main/mocks/JwtUtilityInterface.go:34.83,37.19 2 0
main/mocks/JwtUtilityInterface.go:37.19,38.53 1 0
main/mocks/JwtUtilityInterface.go:41.2,43.67 3 0
main/mocks/JwtUtilityInterface.go:43.67,45.3 1 0
main/mocks/JwtUtilityInterface.go:46.2,46.58 1 0
main/mocks/JwtUtilityInterface.go:46.58,48.3 1 0
main/mocks/JwtUtilityInterface.go:48.8,50.3 1 0
main/mocks/JwtUtilityInterface.go:52.2,52.57 1 0
main/mocks/JwtUtilityInterface.go:52.57,54.3 1 0
main/mocks/JwtUtilityInterface.go:54.8,56.3 1 0
main/mocks/JwtUtilityInterface.go:58.2,58.15 1 0
main/mocks/JwtUtilityInterface.go:66.25,70.19 3 0
main/mocks/JwtUtilityInterface.go:70.19,70.49 1 0
main/mocks/JwtUtilityInterface.go:72.2,72.13 1 0
main/mocks/PasswordUtilityInterface.go:13.91,16.19 2 0
main/mocks/PasswordUtilityInterface.go:16.19,17.55 1 0
main/mocks/PasswordUtilityInterface.go:20.2,21.59 2 0
main/mocks/PasswordUtilityInterface.go:21.59,23.3 1 0
main/mocks/PasswordUtilityInterface.go:23.8,25.3 1 0
main/mocks/PasswordUtilityInterface.go:27.2,27.11 1 0
main/mocks/PasswordUtilityInterface.go:31.88,34.19 2 0
main/mocks/PasswordUtilityInterface.go:34.19,35.58 1 0
main/mocks/PasswordUtilityInterface.go:38.2,40.61 3 0
main/mocks/PasswordUtilityInterface.go:40.61,42.3 1 0
main/mocks/PasswordUtilityInterface.go:43.2,43.52 1 0
main/mocks/PasswordUtilityInterface.go:43.52,45.3 1 0
main/mocks/PasswordUtilityInterface.go:45.8,46.24 1 0
main/mocks/PasswordUtilityInterface.go:46.24,48.4 1 0
main/mocks/PasswordUtilityInterface.go:51.2,51.51 1 0
main/mocks/PasswordUtilityInterface.go:51.51,53.3 1 0
main/mocks/PasswordUtilityInterface.go:53.8,55.3 1 0
main/mocks/PasswordUtilityInterface.go:57.2,57.15 1 0
main/mocks/PasswordUtilityInterface.go:65.30,69.19 3 0
main/mocks/PasswordUtilityInterface.go:69.19,69.49 1 0
main/mocks/PasswordUtilityInterface.go:71.2,71.13 1 0
main/mocks/Query.go:17.59,20.19 2 0
main/mocks/Query.go:20.19,21.47 1 0
main/mocks/Query.go:24.2,26.66 3 0
main/mocks/Query.go:26.66,28.3 1 0
main/mocks/Query.go:29.2,29.57 1 0
main/mocks/Query.go:29.57,31.3 1 0
main/mocks/Query.go:31.8,33.3 1 0
main/mocks/Query.go:35.2,35.51 1 0
main/mocks/Query.go:35.51,37.3 1 0
main/mocks/Query.go:37.8,39.3 1 0
main/mocks/Query.go:41.2,41.15 1 0
main/mocks/Query.go:45.54,48.19 2 0
main/mocks/Query.go:48.19,49.50 1 0
main/mocks/Query.go:52.2,53.56 2 0
main/mocks/Query.go:53.56,55.3 1 0
main/mocks/Query.go:55.8,57.3 1 0
main/mocks/Query.go:59.2,59.11 1 0
main/mocks/Query.go:67.11,71.19 3 0
main/mocks/Query.go:71.19,71.49 1 0
main/mocks/Query.go:73.2,73.13 1 0
main/mocks/Services.go:17.87,20.19 2 0
main/mocks/Services.go:20.19,21.47 1 0
main/mocks/Services.go:24.2,27.82 4 0
main/mocks/Services.go:27.82,29.3 1 0
main/mocks/Services.go:30.2,30.65 1 0
main/mocks/Services.go:30.65,32.3 1 0
main/mocks/Services.go:32.8,34.3 1 0
main/mocks/Services.go:36.2,36.60 1 0
main/mocks/Services.go:36.60,38.3 1 0
main/mocks/Services.go:38.8,40.3 1 0
main/mocks/Services.go:42.2,42.59 1 0
main/mocks/Services.go:42.59,44.3 1 0
main/mocks/Services.go:44.8,46.3 1 0
main/mocks/Services.go:48.2,48.19 1 0
main/mocks/Services.go:52.57,55.19 2 0
main/mocks/Services.go:55.19,56.50 1 0
main/mocks/Services.go:59.2,60.56 2 0
main/mocks/Services.go:60.56,62.3 1 0
main/mocks/Services.go:62.8,64.3 1 0
main/mocks/Services.go:66.2,66.11 1 0
main/mocks/Services.go:74.14,78.19 3 0
main/mocks/Services.go:78.19,78.49 1 0
main/mocks/Services.go:80.2,80.13 1 0
main/mocks/ValidatorInterface.go:13.59,16.19 2 0
main/mocks/ValidatorInterface.go:16.19,17.48 1 0
main/mocks/ValidatorInterface.go:20.2,21.56 2 0
main/mocks/ValidatorInterface.go:21.56,23.3 1 0
main/mocks/ValidatorInterface.go:23.8,25.3 1 0
main/mocks/ValidatorInterface.go:27.2,27.11 1 0
main/mocks/ValidatorInterface.go:35.24,39.19 3 0
main/mocks/ValidatorInterface.go:39.19,39.49 1 0
main/mocks/ValidatorInterface.go:41.2,41.13 1 0
main/configs/config.go:22.30,25.16 3 0
main/configs/config.go:25.16,27.3 1 0
main/configs/config.go:28.2,35.15 7 0
main/configs/config.go:38.45,46.16 3 0
main/configs/config.go:46.16,48.3 1 0
main/configs/config.go:50.2,50.16 1 0
main/internal/features/users/services/service.go:19.147,26.2 1 1
main/internal/features/users/services/service.go:28.61,38.16 2 1
main/internal/features/users/services/service.go:38.16,40.65 2 1
main/internal/features/users/services/service.go:40.65,42.4 1 0
main/internal/features/users/services/service.go:43.3,43.13 1 1
main/internal/features/users/services/service.go:45.2,49.16 3 1
main/internal/features/users/services/service.go:49.16,54.3 2 1
main/internal/features/users/services/service.go:55.2,55.12 1 1
main/internal/features/users/services/service.go:58.91,62.16 2 1
main/internal/features/users/services/service.go:62.16,65.3 2 1
main/internal/features/users/services/service.go:67.2,68.16 2 1
main/internal/features/users/services/service.go:68.16,71.3 2 0
main/internal/features/users/services/service.go:73.2,75.16 2 1
main/internal/features/users/services/service.go:75.16,78.3 2 0
main/internal/features/users/services/service.go:80.2,81.16 2 1
main/internal/features/users/services/service.go:81.16,84.3 2 0
main/internal/features/users/services/service.go:86.2,86.27 1 1
main/internal/utils/jwt.go:20.42,22.2 1 0
main/internal/utils/jwt.go:24.73,39.16 9 0
main/internal/utils/jwt.go:39.16,41.3 1 0
main/internal/utils/jwt.go:43.2,43.20 1 0
main/internal/utils/jwt.go:46.60,50.26 3 0
main/internal/utils/jwt.go:50.26,52.3 1 0
main/internal/utils/jwt.go:54.2,54.38 1 0
main/internal/utils/jwt.go:54.38,56.3 1 0
main/internal/utils/jwt.go:58.2,58.15 1 0
main/internal/utils/password.go:11.52,13.2 1 0
main/internal/utils/password.go:15.79,17.16 2 0
main/internal/utils/password.go:17.16,19.3 1 0
main/internal/utils/password.go:20.2,20.20 1 0
main/internal/utils/password.go:23.82,25.2 1 0
main/internal/utils/validator.go:19.70,23.2 1 0
main/internal/utils/validator.go:25.91,27.16 2 0
main/internal/utils/validator.go:27.16,30.3 2 0
main/internal/utils/validator.go:31.2,31.12 1 0
main/mocks/AccountUtilityInterface.go:13.100,16.19 2 1
main/mocks/AccountUtilityInterface.go:16.19,17.64 1 0
main/mocks/AccountUtilityInterface.go:20.2,21.59 2 1
main/mocks/AccountUtilityInterface.go:21.59,23.3 1 0
main/mocks/AccountUtilityInterface.go:23.8,25.3 1 1
main/mocks/AccountUtilityInterface.go:27.2,27.11 1 1
main/mocks/AccountUtilityInterface.go:35.29,39.19 3 1
main/mocks/AccountUtilityInterface.go:39.19,39.49 1 1
main/mocks/AccountUtilityInterface.go:41.2,41.13 1 1
main/mocks/Handler.go:16.45,19.19 2 0
main/mocks/Handler.go:19.19,20.47 1 0
main/mocks/Handler.go:23.2,24.56 2 0
main/mocks/Handler.go:24.56,26.3 1 0
main/mocks/Handler.go:26.8,27.24 1 0
main/mocks/Handler.go:27.24,29.4 1 0
main/mocks/Handler.go:32.2,32.11 1 0
main/mocks/Handler.go:36.48,39.19 2 0
main/mocks/Handler.go:39.19,40.50 1 0
main/mocks/Handler.go:43.2,44.56 2 0
main/mocks/Handler.go:44.56,46.3 1 0
main/mocks/Handler.go:46.8,47.24 1 0
main/mocks/Handler.go:47.24,49.4 1 0
main/mocks/Handler.go:52.2,52.11 1 0
main/mocks/Handler.go:60.13,64.19 3 0
main/mocks/Handler.go:64.19,64.49 1 0
main/mocks/Handler.go:66.2,66.13 1 0
main/mocks/JwtUtilityInterface.go:16.70,19.19 2 0
main/mocks/JwtUtilityInterface.go:19.19,20.53 1 0
main/mocks/JwtUtilityInterface.go:23.2,24.57 2 0
main/mocks/JwtUtilityInterface.go:24.57,26.3 1 0
main/mocks/JwtUtilityInterface.go:26.8,28.3 1 0
main/mocks/JwtUtilityInterface.go:30.2,30.11 1 0
main/mocks/JwtUtilityInterface.go:34.83,37.19 2 1
main/mocks/JwtUtilityInterface.go:37.19,38.53 1 0
main/mocks/JwtUtilityInterface.go:41.2,43.67 3 1
main/mocks/JwtUtilityInterface.go:43.67,45.3 1 0
main/mocks/JwtUtilityInterface.go:46.2,46.58 1 1
main/mocks/JwtUtilityInterface.go:46.58,48.3 1 0
main/mocks/JwtUtilityInterface.go:48.8,50.3 1 1
main/mocks/JwtUtilityInterface.go:52.2,52.57 1 1
main/mocks/JwtUtilityInterface.go:52.57,54.3 1 0
main/mocks/JwtUtilityInterface.go:54.8,56.3 1 1
main/mocks/JwtUtilityInterface.go:58.2,58.15 1 1
main/mocks/JwtUtilityInterface.go:66.25,70.19 3 1
main/mocks/JwtUtilityInterface.go:70.19,70.49 1 1
main/mocks/JwtUtilityInterface.go:72.2,72.13 1 1
main/mocks/PasswordUtilityInterface.go:13.91,16.19 2 1
main/mocks/PasswordUtilityInterface.go:16.19,17.55 1 0
main/mocks/PasswordUtilityInterface.go:20.2,21.59 2 1
main/mocks/PasswordUtilityInterface.go:21.59,23.3 1 0
main/mocks/PasswordUtilityInterface.go:23.8,25.3 1 1
main/mocks/PasswordUtilityInterface.go:27.2,27.11 1 1
main/mocks/PasswordUtilityInterface.go:31.88,34.19 2 1
main/mocks/PasswordUtilityInterface.go:34.19,35.58 1 0
main/mocks/PasswordUtilityInterface.go:38.2,40.61 3 1
main/mocks/PasswordUtilityInterface.go:40.61,42.3 1 0
main/mocks/PasswordUtilityInterface.go:43.2,43.52 1 1
main/mocks/PasswordUtilityInterface.go:43.52,45.3 1 0
main/mocks/PasswordUtilityInterface.go:45.8,46.24 1 1
main/mocks/PasswordUtilityInterface.go:46.24,48.4 1 1
main/mocks/PasswordUtilityInterface.go:51.2,51.51 1 1
main/mocks/PasswordUtilityInterface.go:51.51,53.3 1 0
main/mocks/PasswordUtilityInterface.go:53.8,55.3 1 1
main/mocks/PasswordUtilityInterface.go:57.2,57.15 1 1
main/mocks/PasswordUtilityInterface.go:65.30,69.19 3 1
main/mocks/PasswordUtilityInterface.go:69.19,69.49 1 1
main/mocks/PasswordUtilityInterface.go:71.2,71.13 1 1
main/mocks/Query.go:17.59,20.19 2 1
main/mocks/Query.go:20.19,21.47 1 0
main/mocks/Query.go:24.2,26.66 3 1
main/mocks/Query.go:26.66,28.3 1 0
main/mocks/Query.go:29.2,29.57 1 1
main/mocks/Query.go:29.57,31.3 1 0
main/mocks/Query.go:31.8,33.3 1 1
main/mocks/Query.go:35.2,35.51 1 1
main/mocks/Query.go:35.51,37.3 1 0
main/mocks/Query.go:37.8,39.3 1 1
main/mocks/Query.go:41.2,41.15 1 1
main/mocks/Query.go:45.54,48.19 2 1
main/mocks/Query.go:48.19,49.50 1 0
main/mocks/Query.go:52.2,53.56 2 1
main/mocks/Query.go:53.56,55.3 1 0
main/mocks/Query.go:55.8,57.3 1 1
main/mocks/Query.go:59.2,59.11 1 1
main/mocks/Query.go:67.11,71.19 3 1
main/mocks/Query.go:71.19,71.49 1 1
main/mocks/Query.go:73.2,73.13 1 1
main/mocks/Services.go:17.87,20.19 2 0
main/mocks/Services.go:20.19,21.47 1 0
main/mocks/Services.go:24.2,27.82 4 0
main/mocks/Services.go:27.82,29.3 1 0
main/mocks/Services.go:30.2,30.65 1 0
main/mocks/Services.go:30.65,32.3 1 0
main/mocks/Services.go:32.8,34.3 1 0
main/mocks/Services.go:36.2,36.60 1 0
main/mocks/Services.go:36.60,38.3 1 0
main/mocks/Services.go:38.8,40.3 1 0
main/mocks/Services.go:42.2,42.59 1 0
main/mocks/Services.go:42.59,44.3 1 0
main/mocks/Services.go:44.8,46.3 1 0
main/mocks/Services.go:48.2,48.19 1 0
main/mocks/Services.go:52.57,55.19 2 0
main/mocks/Services.go:55.19,56.50 1 0
main/mocks/Services.go:59.2,60.56 2 0
main/mocks/Services.go:60.56,62.3 1 0
main/mocks/Services.go:62.8,64.3 1 0
main/mocks/Services.go:66.2,66.11 1 0
main/mocks/Services.go:74.14,78.19 3 0
main/mocks/Services.go:78.19,78.49 1 0
main/mocks/Services.go:80.2,80.13 1 0
main/mocks/ValidatorInterface.go:13.59,16.19 2 0
main/mocks/ValidatorInterface.go:16.19,17.48 1 0
main/mocks/ValidatorInterface.go:20.2,21.56 2 0
main/mocks/ValidatorInterface.go:21.56,23.3 1 0
main/mocks/ValidatorInterface.go:23.8,25.3 1 0
main/mocks/ValidatorInterface.go:27.2,27.11 1 0
main/mocks/ValidatorInterface.go:35.24,39.19 3 0
main/mocks/ValidatorInterface.go:39.19,39.49 1 0
main/mocks/ValidatorInterface.go:41.2,41.13 1 0
